7639
101821927
106465954658531465
289841389106439413
35866550869
