507
5622109
95991365288
1954002050661819
4262465330
16033495247557039074
5873225808361331954
2152814945971655556
